[testimonial.themesawesome.com/unique-opatbelas-carousel/index.html]
[backblue.gif]
[fade.gif]
[index.html]
[d3gufdrln3j6x.cloudfront.net/wp-content/themes/nonthing/style541d.css]
[d3gufdrln3j6x.cloudfront.net/wp-content/plugins/elementor/assets/lib/eicons/css/elementor-icons.minf5aa.css]
[d3gufdrln3j6x.cloudfront.net/wp-content/plugins/elementor/assets/css/frontend.min31ea.css]
[d3gufdrln3j6x.cloudfront.net/wp-content/plugins/elementor/assets/lib/swiper/v8/css/swiper.minbf93.css]
[d3gufdrln3j6x.cloudfront.net/wp-content/plugins/elementor-pro/assets/css/frontend.min5467.css]
[d3gufdrln3j6x.cloudfront.net/wp-includes/js/jquery/jquery.min5dc1.js]
[d3gufdrln3j6x.cloudfront.net/wp-includes/js/jquery/jquery-migrate.min6012.js]
[d3gufdrln3j6x.cloudfront.net/wp-content/uploads/sites/139/2020/09/cropped-fav-icon-32x32746e.png]
[d3gufdrln3j6x.cloudfront.net/wp-content/uploads/sites/139/2020/09/cropped-fav-icon-192x192746e.png]
[d3gufdrln3j6x.cloudfront.net/wp-content/uploads/sites/139/2020/09/cropped-fav-icon-180x180746e.png]
[d3gufdrln3j6x.cloudfront.net/wp-content/uploads/sites/139/2020/09/logo-landing-testi-header746e.png]
[d3gufdrln3j6x.cloudfront.net/wp-content/uploads/sites/139/2020/09/team-2746e.jpg]
[d3gufdrln3j6x.cloudfront.net/wp-content/uploads/sites/139/2020/09/team-img-7746e.jpg]
[d3gufdrln3j6x.cloudfront.net/wp-content/uploads/sites/139/2020/09/team-3746e.jpg]
[d3gufdrln3j6x.cloudfront.net/wp-content/uploads/sites/139/2020/09/team-img-5746e.jpg]
[d3gufdrln3j6x.cloudfront.net/wp-content/uploads/sites/139/2020/09/team-img-8746e.jpg]
[d3gufdrln3j6x.cloudfront.net/wp-content/uploads/sites/139/2020/09/team-img-4746e.jpg]
[d3gufdrln3j6x.cloudfront.net/wp-content/uploads/sites/139/2020/09/team-13746e.jpg]
[d3gufdrln3j6x.cloudfront.net/wp-content/uploads/sites/139/2020/09/team-12746e.jpg]
[d3gufdrln3j6x.cloudfront.net/wp-content/plugins/testimonial-awesome-pro/public/css/fontawesome.min541d.css]
[d3gufdrln3j6x.cloudfront.net/wp-content/plugins/testimonial-awesome-pro/public/css/thaw-flexgrid541d.css]
[d3gufdrln3j6x.cloudfront.net/wp-content/plugins/testimonial-awesome-pro/public/css/testimonial-awesome-public541d.css]
[d3gufdrln3j6x.cloudfront.net/wp-content/plugins/testimonial-awesome-pro/public/css/swiper541d.css]
[d3gufdrln3j6x.cloudfront.net/wp-content/themes/nonthing/js/smartmenus541d.js]
[d3gufdrln3j6x.cloudfront.net/wp-content/plugins/testimonial-awesome-pro/public/js/swiper.min541d.js]
[d3gufdrln3j6x.cloudfront.net/wp-content/plugins/elementor-pro/assets/js/webpack-pro.runtime.min5467.js]
[d3gufdrln3j6x.cloudfront.net/wp-content/plugins/elementor/assets/js/webpack.runtime.min31ea.js]
[d3gufdrln3j6x.cloudfront.net/wp-content/plugins/elementor/assets/js/frontend-modules.min31ea.js]
[d3gufdrln3j6x.cloudfront.net/wp-includes/js/dist/vendor/wp-polyfill-inert.minb7a9.js]
[d3gufdrln3j6x.cloudfront.net/wp-includes/js/dist/vendor/regenerator-runtime.mincd89.js]
[d3gufdrln3j6x.cloudfront.net/wp-includes/js/dist/vendor/wp-polyfill.min9483.js]
[d3gufdrln3j6x.cloudfront.net/wp-includes/js/dist/hooks.min8852.js]
[d3gufdrln3j6x.cloudfront.net/wp-includes/js/dist/i18n.min9ab6.js]
[d3gufdrln3j6x.cloudfront.net/wp-content/plugins/elementor-pro/assets/js/frontend.min5467.js]
[d3gufdrln3j6x.cloudfront.net/wp-content/plugins/elementor/assets/lib/waypoints/waypoints.min111c.js]
[d3gufdrln3j6x.cloudfront.net/wp-includes/js/jquery/ui/core.min6dec.js]
[d3gufdrln3j6x.cloudfront.net/wp-content/plugins/elementor/assets/js/frontend.min31ea.js]
[testimonial.themesawesome.com/unique-opatbelas-carousel/index.html]
[d3gufdrln3j6x.cloudfront.net/wp-content/plugins/elementor-pro/assets/js/elements-handlers.min5467.js]
[d3gufdrln3j6x.cloudfront.net/wp-content/themes/nonthing/fonts/Poppins-Regular.woff2]
[d3gufdrln3j6x.cloudfront.net/wp-content/themes/nonthing/fonts/Poppins-Regular.woff]
[d3gufdrln3j6x.cloudfront.net/wp-content/themes/nonthing/fonts/Poppins-Regular.ttf]
[d3gufdrln3j6x.cloudfront.net/wp-content/themes/nonthing/fonts/Poppins-Light.woff2]
[d3gufdrln3j6x.cloudfront.net/wp-content/themes/nonthing/fonts/Poppins-Light.woff]
[d3gufdrln3j6x.cloudfront.net/wp-content/themes/nonthing/fonts/Poppins-Light.ttf]
[d3gufdrln3j6x.cloudfront.net/wp-content/themes/nonthing/fonts/Poppins-SemiBold.woff2]
[d3gufdrln3j6x.cloudfront.net/wp-content/themes/nonthing/fonts/Poppins-SemiBold.woff]
[d3gufdrln3j6x.cloudfront.net/wp-content/themes/nonthing/fonts/Poppins-SemiBold.ttf]
[d3gufdrln3j6x.cloudfront.net/wp-content/themes/nonthing/fonts/Poppins-Black.woff2]
[d3gufdrln3j6x.cloudfront.net/wp-content/themes/nonthing/fonts/Poppins-Black.woff]
[d3gufdrln3j6x.cloudfront.net/wp-content/themes/nonthing/fonts/Poppins-Black.ttf]
[d3gufdrln3j6x.cloudfront.net/wp-content/themes/nonthing/fonts/Poppins-Bold.woff2]
[d3gufdrln3j6x.cloudfront.net/wp-content/themes/nonthing/fonts/Poppins-Bold.woff]
[d3gufdrln3j6x.cloudfront.net/wp-content/themes/nonthing/fonts/Poppins-Bold.ttf]
[d3gufdrln3j6x.cloudfront.net/wp-content/themes/nonthing/fonts/Poppins-ExtraBold.woff2]
[d3gufdrln3j6x.cloudfront.net/wp-content/themes/nonthing/fonts/Poppins-ExtraBold.woff]
[d3gufdrln3j6x.cloudfront.net/wp-content/themes/nonthing/fonts/Poppins-ExtraBold.ttf]
[d3gufdrln3j6x.cloudfront.net/wp-content/themes/nonthing/fonts/Poppins-Medium.woff2]
[d3gufdrln3j6x.cloudfront.net/wp-content/themes/nonthing/fonts/Poppins-Medium.woff]
[d3gufdrln3j6x.cloudfront.net/wp-content/themes/nonthing/fonts/Poppins-Medium.ttf]
[d3gufdrln3j6x.cloudfront.net/wp-content/themes/nonthing/img/grid.png]
[d3gufdrln3j6x.cloudfront.net/wp-content/themes/nonthing/style541d.css]
[d3gufdrln3j6x.cloudfront.net/wp-content/plugins/elementor/assets/lib/eicons/css/elementor-icons.minf5aa.css]
[d3gufdrln3j6x.cloudfront.net/wp-content/plugins/elementor/assets/css/frontend.min31ea.css]
[d3gufdrln3j6x.cloudfront.net/wp-content/plugins/elementor/assets/lib/swiper/v8/css/swiper.minbf93.css]
[d3gufdrln3j6x.cloudfront.net/wp-content/plugins/elementor-pro/assets/css/frontend.min5467.css]
[d3gufdrln3j6x.cloudfront.net/wp-includes/js/jquery/jquery.min5dc1.js]
[d3gufdrln3j6x.cloudfront.net/wp-includes/js/jquery/jquery-migrate.min6012.js]
[d3gufdrln3j6x.cloudfront.net/wp-content/plugins/testimonial-awesome-pro/public/css/fontawesome.min541d.css]
[d3gufdrln3j6x.cloudfront.net/wp-content/plugins/testimonial-awesome-pro/public/css/thaw-flexgrid541d.css]
[d3gufdrln3j6x.cloudfront.net/wp-content/plugins/testimonial-awesome-pro/public/img/vertical-8.png]
[d3gufdrln3j6x.cloudfront.net/wp-content/plugins/testimonial-awesome-pro/public/css/testimonial-awesome-public541d.css]
[d3gufdrln3j6x.cloudfront.net/wp-content/plugins/testimonial-awesome-pro/public/css/swiper541d.css]
[d3gufdrln3j6x.cloudfront.net/wp-content/themes/nonthing/js/smartmenus541d.js]
[testimonial.themesawesome.com/unique-opatbelas-carousel/e.44.delayed]
[testimonial.themesawesome.com/unique-opatbelas-carousel/this.params.url]
[d3gufdrln3j6x.cloudfront.net/wp-content/plugins/testimonial-awesome-pro/public/js/swiper.min541d.js]
[d3gufdrln3j6x.cloudfront.net/wp-content/plugins/elementor-pro/assets/js/webpack-pro.runtime.min5467.js]
[d3gufdrln3j6x.cloudfront.net/wp-content/plugins/elementor/assets/js/webpack.runtime.min31ea.js]
[d3gufdrln3j6x.cloudfront.net/wp-content/plugins/elementor/assets/js/frontend-modules.min31ea.js]
[d3gufdrln3j6x.cloudfront.net/wp-includes/js/dist/vendor/wp-polyfill-inert.minb7a9.js]
[d3gufdrln3j6x.cloudfront.net/wp-includes/js/dist/vendor/regenerator-runtime.mincd89.js]
[d3gufdrln3j6x.cloudfront.net/wp-includes/js/dist/vendor/wp-polyfill.min9483.js]
[d3gufdrln3j6x.cloudfront.net/wp-includes/js/dist/hooks.min8852.js]
[d3gufdrln3j6x.cloudfront.net/wp-includes/js/dist/i18n.min9ab6.js]
[d3gufdrln3j6x.cloudfront.net/wp-content/plugins/elementor-pro/assets/js/frontend.min5467.js]
[d3gufdrln3j6x.cloudfront.net/wp-content/plugins/elementor/assets/lib/waypoints/waypoints.min111c.js]
[d3gufdrln3j6x.cloudfront.net/wp-includes/js/jquery/ui/core.min6dec.js]
[testimonial.themesawesome.com/unique-opatbelas-carousel/-negative.svg]
[d3gufdrln3j6x.cloudfront.net/wp-content/plugins/elementor/assets/js/frontend.min31ea.js]
[testimonial.themesawesome.com/unique-opatbelas-carousel/OPR/index.html]
[testimonial.themesawesome.com/unique-opatbelas-carousel/window.location.47.delayed]
[d3gufdrln3j6x.cloudfront.net/wp-content/plugins/elementor-pro/assets/js/elements-handlers.min5467.js]
[d3gufdrln3j6x.cloudfront.net/wp-content/themes/nonthing/fonts/Poppins-Regulard41d.eot]
[d3gufdrln3j6x.cloudfront.net/wp-content/themes/nonthing/fonts/Poppins-Lightd41d.eot]
[d3gufdrln3j6x.cloudfront.net/wp-content/themes/nonthing/fonts/Poppins-SemiBoldd41d.eot]
[d3gufdrln3j6x.cloudfront.net/wp-content/themes/nonthing/fonts/Poppins-Blackd41d.eot]
[d3gufdrln3j6x.cloudfront.net/wp-content/themes/nonthing/fonts/Poppins-Boldd41d.eot]
[d3gufdrln3j6x.cloudfront.net/wp-content/themes/nonthing/fonts/Poppins-ExtraBoldd41d.eot]
[d3gufdrln3j6x.cloudfront.net/wp-content/themes/nonthing/fonts/Poppins-Mediumd41d.eot]
[testimonial.themesawesome.com/unique-opatbelas-carousel/e.html]
[testimonial.themesawesome.com/unique-opatbelas-carousel/this.params.html]
[testimonial.themesawesome.com/unique-opatbelas-carousel/-negative.html]
[testimonial.themesawesome.com/unique-opatbelas-carousel/OPR/index.html]
[testimonial.themesawesome.com/unique-opatbelas-carousel/window.location.html]
